     1 00000000                                 [FORMAT "WCOFF"]
     2 00000000                                 [INSTRSET "i486p"]
     3 00000000                                 [OPTIMIZE 1]
     4 00000000                                 [OPTION 1]
     5 00000000                                 [BITS 32]
     6 00000000                                 	EXTERN	_io_out8
     7 00000000                                 	EXTERN	_io_in8
     8 00000000                                 	EXTERN	_msg_queue
     9 00000000                                 	EXTERN	_queue16_put
    10 00000000                                 [FILE "keyboard.c"]
    11                                          [SECTION .text]
    12 00000000                                 	GLOBAL	_inthandler21
    13 00000000                                 _inthandler21:
    14 00000000 55                              	PUSH	EBP
    15 00000001 89 E5                           	MOV	EBP,ESP
    16 00000003 6A 61                           	PUSH	97
    17 00000005 6A 20                           	PUSH	32
    18 00000007 E8 [00000000]                   	CALL	_io_out8
    19 0000000C 6A 60                           	PUSH	96
    20 0000000E E8 [00000000]                   	CALL	_io_in8
    21 00000013 0F B6 C0                        	MOVZX	EAX,AL
    22 00000016 50                              	PUSH	EAX
    23 00000017 68 [00000000]                   	PUSH	_msg_queue
    24 0000001C E8 [00000000]                   	CALL	_queue16_put
    25 00000021 C9                              	LEAVE
    26 00000022 C3                              	RET
    27 00000023                                 	GLOBAL	_wait_KBC_sendready
    28 00000023                                 _wait_KBC_sendready:
    29 00000023 55                              	PUSH	EBP
    30 00000024 89 E5                           	MOV	EBP,ESP
    31 00000026                                 L3:
    32 00000026 6A 64                           	PUSH	100
    33 00000028 E8 [00000000]                   	CALL	_io_in8
    34 0000002D 5A                              	POP	EDX
    35 0000002E 83 E0 02                        	AND	EAX,2
    36 00000031 75 F3                           	JNE	L3
    37 00000033 C9                              	LEAVE
    38 00000034 C3                              	RET
    39 00000035                                 	GLOBAL	_init_keyboard
    40 00000035                                 _init_keyboard:
    41 00000035 55                              	PUSH	EBP
    42 00000036 89 E5                           	MOV	EBP,ESP
    43 00000038 E8 FFFFFFE6                     	CALL	_wait_KBC_sendready
    44 0000003D 6A 60                           	PUSH	96
    45 0000003F 6A 64                           	PUSH	100
    46 00000041 E8 [00000000]                   	CALL	_io_out8
    47 00000046 E8 FFFFFFD8                     	CALL	_wait_KBC_sendready
    48 0000004B 6A 47                           	PUSH	71
    49 0000004D 6A 60                           	PUSH	96
    50 0000004F E8 [00000000]                   	CALL	_io_out8
    51 00000054 C9                              	LEAVE
    52 00000055 C3                              	RET
