     1 00000000                                 [FORMAT "WCOFF"]
     2 00000000                                 [INSTRSET "i486p"]
     3 00000000                                 [OPTIMIZE 1]
     4 00000000                                 [OPTION 1]
     5 00000000                                 [BITS 32]
     6 00000000                                 [FILE "queue.c"]
     7                                          [SECTION .text]
     8 00000000                                 	GLOBAL	_queue8_init
     9 00000000                                 _queue8_init:
    10 00000000 55                              	PUSH	EBP
    11 00000001 89 E5                           	MOV	EBP,ESP
    12 00000003 8B 45 08                        	MOV	EAX,DWORD [8+EBP]
    13 00000006 8B 4D 0C                        	MOV	ECX,DWORD [12+EBP]
    14 00000009 8B 55 10                        	MOV	EDX,DWORD [16+EBP]
    15 0000000C 89 48 0C                        	MOV	DWORD [12+EAX],ECX
    16 0000000F 89 10                           	MOV	DWORD [EAX],EDX
    17 00000011 89 48 10                        	MOV	DWORD [16+EAX],ECX
    18 00000014 C7 40 14 00000000               	MOV	DWORD [20+EAX],0
    19 0000001B C7 40 04 00000000               	MOV	DWORD [4+EAX],0
    20 00000022 C7 40 08 00000000               	MOV	DWORD [8+EAX],0
    21 00000029 5D                              	POP	EBP
    22 0000002A C3                              	RET
    23 0000002B                                 	GLOBAL	_queue16_init
    24 0000002B                                 _queue16_init:
    25 0000002B 55                              	PUSH	EBP
    26 0000002C 89 E5                           	MOV	EBP,ESP
    27 0000002E 8B 45 08                        	MOV	EAX,DWORD [8+EBP]
    28 00000031 8B 4D 0C                        	MOV	ECX,DWORD [12+EBP]
    29 00000034 8B 55 10                        	MOV	EDX,DWORD [16+EBP]
    30 00000037 89 48 0C                        	MOV	DWORD [12+EAX],ECX
    31 0000003A 89 10                           	MOV	DWORD [EAX],EDX
    32 0000003C 89 48 10                        	MOV	DWORD [16+EAX],ECX
    33 0000003F C7 40 14 00000000               	MOV	DWORD [20+EAX],0
    34 00000046 C7 40 04 00000000               	MOV	DWORD [4+EAX],0
    35 0000004D C7 40 08 00000000               	MOV	DWORD [8+EAX],0
    36 00000054 5D                              	POP	EBP
    37 00000055 C3                              	RET
    38 00000056                                 	GLOBAL	_queue8_put
    39 00000056                                 _queue8_put:
    40 00000056 55                              	PUSH	EBP
    41 00000057 89 E5                           	MOV	EBP,ESP
    42 00000059 53                              	PUSH	EBX
    43 0000005A 8B 4D 08                        	MOV	ECX,DWORD [8+EBP]
    44 0000005D 8B 5D 0C                        	MOV	EBX,DWORD [12+EBP]
    45 00000060 83 79 10 00                     	CMP	DWORD [16+ECX],0
    46 00000064 75 0A                           	JNE	L4
    47 00000066 83 49 14 01                     	OR	DWORD [20+ECX],1
    48 0000006A 83 C8 FF                        	OR	EAX,-1
    49 0000006D                                 L3:
    50 0000006D 5B                              	POP	EBX
    51 0000006E 5D                              	POP	EBP
    52 0000006F C3                              	RET
    53 00000070                                 L4:
    54 00000070 8B 01                           	MOV	EAX,DWORD [ECX]
    55 00000072 8B 51 04                        	MOV	EDX,DWORD [4+ECX]
    56 00000075 88 1C 02                        	MOV	BYTE [EDX+EAX*1],BL
    57 00000078 8B 41 04                        	MOV	EAX,DWORD [4+ECX]
    58 0000007B 40                              	INC	EAX
    59 0000007C 89 41 04                        	MOV	DWORD [4+ECX],EAX
    60 0000007F 3B 41 0C                        	CMP	EAX,DWORD [12+ECX]
    61 00000082 72 07                           	JB	L5
    62 00000084 C7 41 04 00000000               	MOV	DWORD [4+ECX],0
    63 0000008B                                 L5:
    64 0000008B FF 49 10                        	DEC	DWORD [16+ECX]
    65 0000008E 31 C0                           	XOR	EAX,EAX
    66 00000090 EB DB                           	JMP	L3
    67 00000092                                 	GLOBAL	_queue16_put
    68 00000092                                 _queue16_put:
    69 00000092 55                              	PUSH	EBP
    70 00000093 89 E5                           	MOV	EBP,ESP
    71 00000095 56                              	PUSH	ESI
    72 00000096 53                              	PUSH	EBX
    73 00000097 8B 4D 08                        	MOV	ECX,DWORD [8+EBP]
    74 0000009A 8B 5D 0C                        	MOV	EBX,DWORD [12+EBP]
    75 0000009D 8B 71 10                        	MOV	ESI,DWORD [16+ECX]
    76 000000A0 85 F6                           	TEST	ESI,ESI
    77 000000A2 75 0B                           	JNE	L7
    78 000000A4 83 49 14 01                     	OR	DWORD [20+ECX],1
    79 000000A8 83 C8 FF                        	OR	EAX,-1
    80 000000AB                                 L6:
    81 000000AB 5B                              	POP	EBX
    82 000000AC 5E                              	POP	ESI
    83 000000AD 5D                              	POP	EBP
    84 000000AE C3                              	RET
    85 000000AF                                 L7:
    86 000000AF 8B 41 04                        	MOV	EAX,DWORD [4+ECX]
    87 000000B2 8B 11                           	MOV	EDX,DWORD [ECX]
    88 000000B4 66 89 1C 42                     	MOV	WORD [EDX+EAX*2],BX
    89 000000B8 40                              	INC	EAX
    90 000000B9 89 41 04                        	MOV	DWORD [4+ECX],EAX
    91 000000BC 3B 41 0C                        	CMP	EAX,DWORD [12+ECX]
    92 000000BF 72 07                           	JB	L8
    93 000000C1 C7 41 04 00000000               	MOV	DWORD [4+ECX],0
    94 000000C8                                 L8:
    95 000000C8 8D 46 FF                        	LEA	EAX,DWORD [-1+ESI]
    96 000000CB 89 41 10                        	MOV	DWORD [16+ECX],EAX
    97 000000CE 31 C0                           	XOR	EAX,EAX
    98 000000D0 EB D9                           	JMP	L6
    99 000000D2                                 	GLOBAL	_queue8_get
   100 000000D2                                 _queue8_get:
   101 000000D2 55                              	PUSH	EBP
   102 000000D3 83 C8 FF                        	OR	EAX,-1
   103 000000D6 89 E5                           	MOV	EBP,ESP
   104 000000D8 56                              	PUSH	ESI
   105 000000D9 53                              	PUSH	EBX
   106 000000DA 8B 4D 08                        	MOV	ECX,DWORD [8+EBP]
   107 000000DD 8B 71 10                        	MOV	ESI,DWORD [16+ECX]
   108 000000E0 8B 59 0C                        	MOV	EBX,DWORD [12+ECX]
   109 000000E3 39 DE                           	CMP	ESI,EBX
   110 000000E5 74 19                           	JE	L9
   111 000000E7 8B 41 08                        	MOV	EAX,DWORD [8+ECX]
   112 000000EA 8B 11                           	MOV	EDX,DWORD [ECX]
   113 000000EC 0F B6 14 10                     	MOVZX	EDX,BYTE [EAX+EDX*1]
   114 000000F0 40                              	INC	EAX
   115 000000F1 89 41 08                        	MOV	DWORD [8+ECX],EAX
   116 000000F4 39 D8                           	CMP	EAX,EBX
   117 000000F6 74 0C                           	JE	L12
   118 000000F8                                 L11:
   119 000000F8 8D 46 01                        	LEA	EAX,DWORD [1+ESI]
   120 000000FB 89 41 10                        	MOV	DWORD [16+ECX],EAX
   121 000000FE 89 D0                           	MOV	EAX,EDX
   122 00000100                                 L9:
   123 00000100 5B                              	POP	EBX
   124 00000101 5E                              	POP	ESI
   125 00000102 5D                              	POP	EBP
   126 00000103 C3                              	RET
   127 00000104                                 L12:
   128 00000104 C7 41 08 00000000               	MOV	DWORD [8+ECX],0
   129 0000010B EB EB                           	JMP	L11
   130 0000010D                                 	GLOBAL	_queue16_get
   131 0000010D                                 _queue16_get:
   132 0000010D 55                              	PUSH	EBP
   133 0000010E 83 C8 FF                        	OR	EAX,-1
   134 00000111 89 E5                           	MOV	EBP,ESP
   135 00000113 56                              	PUSH	ESI
   136 00000114 53                              	PUSH	EBX
   137 00000115 8B 4D 08                        	MOV	ECX,DWORD [8+EBP]
   138 00000118 8B 71 10                        	MOV	ESI,DWORD [16+ECX]
   139 0000011B 8B 59 0C                        	MOV	EBX,DWORD [12+ECX]
   140 0000011E 39 DE                           	CMP	ESI,EBX
   141 00000120 74 19                           	JE	L13
   142 00000122 8B 41 08                        	MOV	EAX,DWORD [8+ECX]
   143 00000125 8B 11                           	MOV	EDX,DWORD [ECX]
   144 00000127 0F B7 14 42                     	MOVZX	EDX,WORD [EDX+EAX*2]
   145 0000012B 40                              	INC	EAX
   146 0000012C 89 41 08                        	MOV	DWORD [8+ECX],EAX
   147 0000012F 39 D8                           	CMP	EAX,EBX
   148 00000131 74 0C                           	JE	L16
   149 00000133                                 L15:
   150 00000133 8D 46 01                        	LEA	EAX,DWORD [1+ESI]
   151 00000136 89 41 10                        	MOV	DWORD [16+ECX],EAX
   152 00000139 89 D0                           	MOV	EAX,EDX
   153 0000013B                                 L13:
   154 0000013B 5B                              	POP	EBX
   155 0000013C 5E                              	POP	ESI
   156 0000013D 5D                              	POP	EBP
   157 0000013E C3                              	RET
   158 0000013F                                 L16:
   159 0000013F C7 41 08 00000000               	MOV	DWORD [8+ECX],0
   160 00000146 EB EB                           	JMP	L15
   161 00000148                                 	GLOBAL	_queue8_status
   162 00000148                                 _queue8_status:
   163 00000148 55                              	PUSH	EBP
   164 00000149 89 E5                           	MOV	EBP,ESP
   165 0000014B 8B 55 08                        	MOV	EDX,DWORD [8+EBP]
   166 0000014E 5D                              	POP	EBP
   167 0000014F 8B 42 0C                        	MOV	EAX,DWORD [12+EDX]
   168 00000152 2B 42 10                        	SUB	EAX,DWORD [16+EDX]
   169 00000155 C3                              	RET
   170 00000156                                 	GLOBAL	_queue16_status
   171 00000156                                 _queue16_status:
   172 00000156 55                              	PUSH	EBP
   173 00000157 89 E5                           	MOV	EBP,ESP
   174 00000159 8B 55 08                        	MOV	EDX,DWORD [8+EBP]
   175 0000015C 5D                              	POP	EBP
   176 0000015D 8B 42 0C                        	MOV	EAX,DWORD [12+EDX]
   177 00000160 2B 42 10                        	SUB	EAX,DWORD [16+EDX]
   178 00000163 C3                              	RET
